// Jest Snapshot v1, https://goo.gl/fbAQLP

exports[`Results tests renders correctly 1`] = `
<div
  id="results"
>
  <section
    id="history"
  >
    <ul>
      <li
        id={0}
      >
        <div
          dangerouslySetInnerHTML={
            Object {
              "__html": "<pre class=\\"__json-pretty-error__\\">undefined undefined</pre>",
            }
          }
          id="json-pretty"
          onClick={[Function]}
        />
      </li>
      <li
        id={1}
      >
        <div
          dangerouslySetInnerHTML={
            Object {
              "__html": "<pre class=\\"__json-pretty-error__\\">undefined undefined</pre>",
            }
          }
          id="json-pretty"
          onClick={[Function]}
        />
      </li>
    </ul>
  </section>
  <section
    id="details"
  >
    <ul
      id="headers"
    >
      <div
        dangerouslySetInnerHTML={
          Object {
            "__html": "<pre class=\\"__json-pretty__\\">{}</pre>",
          }
        }
        id="json-pretty"
      />
    </ul>
    <ul
      id="items"
    >
      <div
        dangerouslySetInnerHTML={
          Object {
            "__html": "<pre class=\\"__json-pretty__\\">[
  {
    \\"<span class=\\"__json-key__\\">name</span>\\": <span class=\\"__json-string__\\">\\"test\\"</span>
  },
  {
    \\"<span class=\\"__json-key__\\">name</span>\\": <span class=\\"__json-string__\\">\\"test2\\"</span>
  }
]</pre>",
          }
        }
        id="json-pretty"
      />
    </ul>
  </section>
</div>
`;
